"use strict";(self.webpackChunkmy_website=self.webpackChunkmy_website||[]).push([[2032],{4490:(e,n,s)=>{s.r(n),s.d(n,{assets:()=>r,contentTitle:()=>d,default:()=>u,frontMatter:()=>a,metadata:()=>l,toc:()=>o});var t=s(5893),i=s(1151);const a={},d=void 0,l={id:"CloudNative/tradition/VirtualBox",title:"VirtualBox",description:"everything start with 0 and 1, then everything.",source:"@site/docs/CloudNative/tradition/VirtualBox.md",sourceDirName:"CloudNative/tradition",slug:"/CloudNative/tradition/VirtualBox",permalink:"/docs/CloudNative/tradition/VirtualBox",draft:!1,unlisted:!1,tags:[],version:"current",lastUpdatedAt:1706703253,formattedLastUpdatedAt:"Jan 31, 2024",frontMatter:{},sidebar:"tutorialSidebar",previous:{title:"links",permalink:"/docs/CloudNative/tools/links"},next:{title:"vagrant",permalink:"/docs/CloudNative/tradition/vagrant"}},r={},o=[{value:"\u7f51\u7edc",id:"\u7f51\u7edc",level:3},{value:"\u5b58\u50a8",id:"\u5b58\u50a8",level:3},{value:"\u5171\u4eab\u6587\u4ef6",id:"\u5171\u4eab\u6587\u4ef6",level:4},{value:"\u78c1\u76d8\u6269\u5bb9",id:"\u78c1\u76d8\u6269\u5bb9",level:4},{value:"\u52a8\u6001\u5206\u914d",id:"\u52a8\u6001\u5206\u914d",level:5},{value:"ssh",id:"ssh",level:3},{value:"usb",id:"usb",level:3}];function c(e){const n={a:"a",code:"code",h3:"h3",h4:"h4",h5:"h5",hr:"hr",li:"li",p:"p",pre:"pre",ul:"ul",...(0,i.a)(),...e.components};return(0,t.jsxs)(t.Fragment,{children:[(0,t.jsx)(n.p,{children:"everything start with 0 and 1, then everything."}),"\n",(0,t.jsx)(n.h3,{id:"\u7f51\u7edc",children:"\u7f51\u7edc"}),"\n",(0,t.jsx)(n.p,{children:"Nat + HostOnly"}),"\n",(0,t.jsx)(n.h3,{id:"\u5b58\u50a8",children:"\u5b58\u50a8"}),"\n",(0,t.jsx)(n.h4,{id:"\u5171\u4eab\u6587\u4ef6",children:"\u5171\u4eab\u6587\u4ef6"}),"\n",(0,t.jsx)(n.h4,{id:"\u78c1\u76d8\u6269\u5bb9",children:"\u78c1\u76d8\u6269\u5bb9"}),"\n",(0,t.jsxs)(n.ul,{children:["\n",(0,t.jsxs)(n.li,{children:["\n",(0,t.jsx)(n.p,{children:"\u52a8\u6001\u5206\u914d"}),"\n"]}),"\n",(0,t.jsxs)(n.li,{children:["\n",(0,t.jsx)(n.p,{children:"\u56fa\u5b9a\u5206\u914d"}),"\n"]}),"\n"]}),"\n",(0,t.jsx)(n.h5,{id:"\u52a8\u6001\u5206\u914d",children:"\u52a8\u6001\u5206\u914d"}),"\n",(0,t.jsx)(n.pre,{children:(0,t.jsx)(n.code,{className:"language-bash",children:"\n\u279c   df -hl\n\nFilesystem      Size  Used Avail Use% Mounted on\ndevtmpfs        5.4G     0  5.4G   0% /dev\ntmpfs           5.4G     0  5.4G   0% /dev/shm\ntmpfs           5.4G  9.2M  5.4G   1% /run\ntmpfs           5.4G     0  5.4G   0% /sys/fs/cgroup\n/dev/sda2       8.0G  7.5G  141M  99% /\n/dev/sda2       8.0G  7.5G  141M  99% /var\n/dev/sda2       8.0G  7.5G  141M  99% /boot/grub2/x86_64-efi\n/dev/sda2       8.0G  7.5G  141M  99% /tmp\n/dev/sda2       8.0G  7.5G  141M  99% /home\n/dev/sda2       8.0G  7.5G  141M  99% /root\n/dev/sda2       8.0G  7.5G  141M  99% /boot/grub2/i386-pc\n/dev/sda2       8.0G  7.5G  141M  99% /srv\n/dev/sda2       8.0G  7.5G  141M  99% /opt\n/dev/sda2       8.0G  7.5G  141M  99% /usr/local\ntmpfs           1.1G     0  1.1G   0% /run/user/1000\n\n\u279c   df -hl /var/lib/docker\n\nFilesystem      Size  Used Avail Use% Mounted on\n/dev/sda2       8.0G  7.5G  141M  99% /var\n\n\u279c   du -sh /var/lib/docker\n\n15G     /var/lib/docker\n"})}),"\n",(0,t.jsx)(n.pre,{children:(0,t.jsx)(n.code,{className:"language-bash",children:"\u03bb  C:\\App\\VirtualBox\\VBoxManage.exe modifyhd .\\suse-backup-202001021935.vdi  --resize 20480\n0%...10%...20%...30%...40%...50%...60%...70%...80%...90%...100%\n"})}),"\n",(0,t.jsx)(n.pre,{children:(0,t.jsx)(n.code,{className:"language-bash",children:"linux-xtfn at ~ \u276f sudo fdisk -l\n\nGPT PMBR size mismatch (16777215 != 41943039) will be corrected by write.\nThe backup GPT table is not on the end of the device. This problem will be corrected by write.\nDisk /dev/sda: 20 GiB, 21474836480 bytes, 41943040 sectors\nDisk model: VBOX HARDDISK\nUnits: sectors of 1 * 512 = 512 bytes\nSector size (logical/physical): 512 bytes / 512 bytes\nI/O size (minimum/optimal): 512 bytes / 512 bytes\nDisklabel type: gpt\nDisk identifier: 3F85C5FD-303D-4AA2-B715-638FCE94A5FB\n\nDevice     Start      End  Sectors Size Type\n/dev/sda1   2048    18431    16384   8M BIOS boot\n/dev/sda2  18432 16777182 16758751   8G Linux filesystem\n\nlinux-xtfn at ~ \u276f sudo parted -l\nWarning: Not all of the space available to /dev/sda appears to be used, you can\nfix the GPT to use all of the space (an extra 25165824 blocks) or continue with\nthe current setting?\nFix/Ignore? Fix\nModel: ATA VBOX HARDDISK (scsi)\nDisk /dev/sda: 21.5GB\nSector size (logical/physical): 512B/512B\nPartition Table: gpt\nDisk Flags: pmbr_boot\n\nNumber  Start   End     Size    File system  Name  Flags\n 1      1049kB  9437kB  8389kB                     bios_grub\n 2      9437kB  8590MB  8580MB  btrfs              legacy_boot\n\n\nError: /dev/sr0: unrecognised disk label\nModel: VBOX CD-ROM (scsi)\nDisk /dev/sr0: 59.5MB\nSector size (logical/physical): 2048B/2048B\nPartition Table: unknown\nDisk Flags:\n\nlinux-xtfn at ~ \u276f sudo fdisk -l\nDisk /dev/sda: 20 GiB, 21474836480 bytes, 41943040 sectors\nDisk model: VBOX HARDDISK\nUnits: sectors of 1 * 512 = 512 bytes\nSector size (logical/physical): 512 bytes / 512 bytes\nI/O size (minimum/optimal): 512 bytes / 512 bytes\nDisklabel type: gpt\nDisk identifier: 3F85C5FD-303D-4AA2-B715-638FCE94A5FB\n\nDevice     Start      End  Sectors Size Type\n/dev/sda1   2048    18431    16384   8M BIOS boot\n/dev/sda2  18432 16777182 16758751   8G Linux filesystem\n"})}),"\n",(0,t.jsx)(n.p,{children:(0,t.jsx)(n.a,{href:"https://www.jianshu.com/p/ba7090b1ef38",children:"https://www.jianshu.com/p/ba7090b1ef38"})}),"\n",(0,t.jsx)(n.p,{children:(0,t.jsx)(n.a,{href:"https://www.cnblogs.com/youbiyoufang/p/7607174.html",children:"https://www.cnblogs.com/youbiyoufang/p/7607174.html"})}),"\n",(0,t.jsx)(n.hr,{}),"\n",(0,t.jsx)(n.pre,{children:(0,t.jsx)(n.code,{className:"language-bash",children:"C:\\App\\VirtualBox\\VBoxManage.exe modifyhd .\\suse-backup-202001021935.vdi  --resize 20480\n\nfdisk -l\nparted -l\nfdisk /dev/sda\npvcreate /dev/sda2\n"})}),"\n",(0,t.jsx)(n.h3,{id:"ssh",children:"ssh"}),"\n",(0,t.jsx)(n.h3,{id:"usb",children:"usb"})]})}function u(e={}){const{wrapper:n}={...(0,i.a)(),...e.components};return n?(0,t.jsx)(n,{...e,children:(0,t.jsx)(c,{...e})}):c(e)}},1151:(e,n,s)=>{s.d(n,{Z:()=>l,a:()=>d});var t=s(7294);const i={},a=t.createContext(i);function d(e){const n=t.useContext(a);return t.useMemo((function(){return"function"==typeof e?e(n):{...n,...e}}),[n,e])}function l(e){let n;return n=e.disableParentContext?"function"==typeof e.components?e.components(i):e.components||i:d(e.components),t.createElement(a.Provider,{value:n},e.children)}}}]);